Error in Compiling BackendElf.c:
../ArkLink/src/Backend/BackendElf.c:1:10: fatal error: ArkLink/backend_elf.h: 没有那个文件或目录
    1 | #include "ArkLink/backend_elf.h"
      |          ^~~~~~~~~~~~~~~~~~~~~~~
compilation terminated.

  Duration: 0.01s

Error in Compiling Context.c:
../ArkLink/src/Core/Context.c:1:10: fatal error: ArkLink/context.h: 没有那个文件或目录
    1 | #include "ArkLink/context.h"
      |          ^~~~~~~~~~~~~~~~~~~
compilation terminated.

  Duration: 0.01s

Error in Compiling BackendPe.c:
../ArkLink/src/Backend/BackendPe.c:1:10: fatal error: ArkLink/backend_pe.h: 没有那个文件或目录
    1 | #include "ArkLink/backend_pe.h"
      |          ^~~~~~~~~~~~~~~~~~~~~~
compilation terminated.

  Duration: 0.01s

Error in Compiling Arklink.c:
../ArkLink/src/Core/Arklink.c:1:10: fatal error: ArkLink/arklink.h: 没有那个文件或目录
    1 | #include "ArkLink/arklink.h"
      |          ^~~~~~~~~~~~~~~~~~~
compilation terminated.

  Duration: 0.01s

Error in Compiling Resolver.c:
../ArkLink/src/Core/Resolver.c:1:10: fatal error: ArkLink/resolver.h: 没有那个文件或目录
    1 | #include "ArkLink/resolver.h"
      |          ^~~~~~~~~~~~~~~~~~~~
compilation terminated.

  Duration: 0.01s

Error in Compiling Loader.c:
../ArkLink/src/Loader/Loader.c:1:10: fatal error: ArkLink/loader.h: 没有那个文件或目录
    1 | #include "ArkLink/loader.h"
      |          ^~~~~~~~~~~~~~~~~~
compilation terminated.

  Duration: 0.01s

Error in Compiling LoaderCoff.c:
../ArkLink/src/Loader/LoaderCoff.c:1:10: fatal error: ArkLink/loader.h: 没有那个文件或目录
    1 | #include "ArkLink/loader.h"
      |          ^~~~~~~~~~~~~~~~~~
compilation terminated.

  Duration: 0.01s

Error in Compiling LinkerNative.c:
../ArkLink/src/Core/LinkerNative.c:1:10: fatal error: ArkLink/linker_native.h: 没有那个文件或目录
    1 | #include "ArkLink/linker_native.h"
      |          ^~~~~~~~~~~~~~~~~~~~~~~~~
compilation terminated.

  Duration: 0.01s

Error in Compiling LoaderKro.c:
../ArkLink/src/Loader/LoaderKro.c:1:10: fatal error: ArkLink/loader.h: 没有那个文件或目录
    1 | #include "ArkLink/loader.h"
      |          ^~~~~~~~~~~~~~~~~~
compilation terminated.

  Duration: 0.01s

Error in Compiling Core/Memory/LeakDetector.c:
In file included from src/Core/Memory/LeakDetector.c:1:
src/Core/Memory/LeakDetector.h:4:10: fatal error: ../Utils/logger.h: 没有那个文件或目录
    4 | #include "../Utils/logger.h"
      |          ^~~~~~~~~~~~~~~~~~~
compilation terminated.

  Duration: 0.01s

Error in Compiling Core/Memory/SmartPtr.c:
In file included from src/Core/Memory/SmartPtr.c:1:
src/Core/Memory/SmartPtr.h:4:10: fatal error: ../Utils/logger.h: 没有那个文件或目录
    4 | #include "../Utils/logger.h"
      |          ^~~~~~~~~~~~~~~~~~~
compilation terminated.

  Duration: 0.01s

Error in Compiling Accelerator.c:
In file included from src/Accelerator.c:5:
src/Core/Utils/KrtCommon.h:2:9: warning: "_POSIX_C_SOURCE" redefined
    2 | #define _POSIX_C_SOURCE 200809L
      |         ^~~~~~~~~~~~~~~
In file included from /usr/include/x86_64-linux-gnu/bits/libc-header-start.h:33,
                 from /usr/include/stdint.h:26,
                 from /usr/lib/gcc/x86_64-linux-gnu/14/include/stdint.h:9,
                 from src/Accelerator.h:4,
                 from src/Accelerator.c:1:
/usr/include/features.h:342:10: note: this is the location of the previous definition
  342 | # define _POSIX_C_SOURCE 199506L
      |          ^~~~~~~~~~~~~~~
In file included from src/Core/Utils/KrtCommon.h:72:
src/Core/Utils/../Memory/SmartPtr.h:4:10: fatal error: ../Utils/logger.h: 没有那个文件或目录
    4 | #include "../Utils/logger.h"
      |          ^~~~~~~~~~~~~~~~~~~
compilation terminated.

  Duration: 0.04s

Error in Compiling Core/Memory/Arena.c:
In file included from src/Core/Memory/../Utils/KrtCommon.h:72,
                 from src/Core/Memory/Arena.h:4,
                 from src/Core/Memory/Arena.c:1:
src/Core/Memory/../Utils/../Memory/SmartPtr.h:4:10: fatal error: ../Utils/logger.h: 没有那个文件或目录
    4 | #include "../Utils/logger.h"
      |          ^~~~~~~~~~~~~~~~~~~
compilation terminated.

  Duration: 0.04s

Error in Compiling Core/Platform/ThreadPool.c:
In file included from src/Core/Platform/../Utils/KrtCommon.h:72,
                 from src/Core/Platform/ThreadPool.h:4,
                 from src/Core/Platform/ThreadPool.c:1:
src/Core/Platform/../Utils/../Memory/SmartPtr.h:4:10: fatal error: ../Utils/logger.h: 没有那个文件或目录
    4 | #include "../Utils/logger.h"
      |          ^~~~~~~~~~~~~~~~~~~
compilation terminated.

  Duration: 0.03s

Error in Compiling Core/Utils/KrtString.c:
src/Core/Utils/KrtString.c: In function ‘KrtStrcpySafe’:
src/Core/Utils/KrtString.c:23:9: error: implicit declaration of function ‘KrtError’ [-Wimplicit-function-declaration]
   23 |         KrtError("[SAFE_STRING_WARNING] String truncation in strcpy_safe\n");
      |         ^~~~~~~~

  Duration: 0.02s

Error in Compiling Core/Utils/Error.c:
In file included from src/Core/Utils/KrtCommon.h:72,
                 from src/Core/Utils/Error.c:1:
src/Core/Utils/../Memory/SmartPtr.h:4:10: fatal error: ../Utils/logger.h: 没有那个文件或目录
    4 | #include "../Utils/logger.h"
      |          ^~~~~~~~~~~~~~~~~~~
compilation terminated.

  Duration: 0.04s

Error in Compiling Core/Utils/KrtTime.c:
In file included from src/Core/Utils/KrtCommon.h:72,
                 from src/Core/Utils/KrtTime.c:1:
src/Core/Utils/../Memory/SmartPtr.h:4:10: fatal error: ../Utils/logger.h: 没有那个文件或目录
    4 | #include "../Utils/logger.h"
      |          ^~~~~~~~~~~~~~~~~~~
compilation terminated.

  Duration: 0.03s

Error in Compiling Core/Utils/Logger.c:
In file included from src/Core/Utils/Logger.c:3:
src/Core/Utils/KrtCommon.h:2:9: warning: "_POSIX_C_SOURCE" redefined
    2 | #define _POSIX_C_SOURCE 200809L
      |         ^~~~~~~~~~~~~~~
In file included from /usr/include/x86_64-linux-gnu/bits/libc-header-start.h:33,
                 from /usr/include/stdio.h:28,
                 from src/Core/Utils/Logger.h:4,
                 from src/Core/Utils/Logger.c:1:
/usr/include/features.h:342:10: note: this is the location of the previous definition
  342 | # define _POSIX_C_SOURCE 199506L
      |          ^~~~~~~~~~~~~~~
In file included from src/Core/Utils/KrtCommon.h:72:
src/Core/Utils/../Memory/SmartPtr.h:4:10: fatal error: ../Utils/logger.h: 没有那个文件或目录
    4 | #include "../Utils/logger.h"
      |          ^~~~~~~~~~~~~~~~~~~
compilation terminated.

  Duration: 0.03s

Error in Compiling Core/Utils/Path.c:
In file included from src/Core/Utils/KrtCommon.h:72,
                 from src/Core/Utils/Path.c:1:
src/Core/Utils/../Memory/SmartPtr.h:4:10: fatal error: ../Utils/logger.h: 没有那个文件或目录
    4 | #include "../Utils/logger.h"
      |          ^~~~~~~~~~~~~~~~~~~
compilation terminated.

  Duration: 0.03s

Error in Compiling Core/Utils/StackCalculator.c:
In file included from src/Core/Utils/StackCalculator.c:6:
src/Core/Utils/KrtCommon.h:2:9: warning: "_POSIX_C_SOURCE" redefined
    2 | #define _POSIX_C_SOURCE 200809L
      |         ^~~~~~~~~~~~~~~
In file included from /usr/include/x86_64-linux-gnu/bits/libc-header-start.h:33,
                 from /usr/include/stdint.h:26,
                 from /usr/lib/gcc/x86_64-linux-gnu/14/include/stdint.h:9,
                 from src/Core/Utils/StackCalculator.h:5,
                 from src/Core/Utils/StackCalculator.c:1:
/usr/include/features.h:342:10: note: this is the location of the previous definition
  342 | # define _POSIX_C_SOURCE 199506L
      |          ^~~~~~~~~~~~~~~
In file included from src/Core/Utils/KrtCommon.h:72:
src/Core/Utils/../Memory/SmartPtr.h:4:10: fatal error: ../Utils/logger.h: 没有那个文件或目录
    4 | #include "../Utils/logger.h"
      |          ^~~~~~~~~~~~~~~~~~~
compilation terminated.

  Duration: 0.03s

Error in Compiling Main.c:
In file included from src/Main.c:31:
src/Core/Core.h:4:10: fatal error: memory/Allocator.h: 没有那个文件或目录
    4 | #include "memory/Allocator.h"
      |          ^~~~~~~~~~~~~~~~~~~~
compilation terminated.

  Duration: 0.03s

Error in Compiling Core/Utils/OutputCache.c:
In file included from src/Core/Utils/OutputCache.c:6:
src/Core/Utils/KrtCommon.h:2:9: warning: "_POSIX_C_SOURCE" redefined
    2 | #define _POSIX_C_SOURCE 200809L
      |         ^~~~~~~~~~~~~~~
In file included from /usr/include/x86_64-linux-gnu/bits/libc-header-start.h:33,
                 from /usr/include/stdio.h:28,
                 from src/Core/Utils/OutputCache.h:4,
                 from src/Core/Utils/OutputCache.c:1:
/usr/include/features.h:342:10: note: this is the location of the previous definition
  342 | # define _POSIX_C_SOURCE 199506L
      |          ^~~~~~~~~~~~~~~
In file included from src/Core/Utils/KrtCommon.h:72:
src/Core/Utils/../Memory/SmartPtr.h:4:10: fatal error: ../Utils/logger.h: 没有那个文件或目录
    4 | #include "../Utils/logger.h"
      |          ^~~~~~~~~~~~~~~~~~~
compilation terminated.

  Duration: 0.05s

Error in Compiling Runtime/Standalone/KrtMemory.c:
In file included from src/Runtime/Standalone/KrtMemory.c:1:
src/Runtime/Standalone/KrtStandalone.h:38:36: error: unknown type name ‘va_list’
   38 | int KrtVprintf(const char* format, va_list ap);
      |                                    ^~~~~~~
src/Runtime/Standalone/KrtStandalone.h:6:1: note: ‘va_list’ is defined in header ‘<stdarg.h>’; this is probably fixable by adding ‘#include <stdarg.h>’
    5 | #include <stdint.h>
  +++ |+#include <stdarg.h>
    6 | 
src/Runtime/Standalone/KrtStandalone.h:39:48: error: unknown type name ‘va_list’
   39 | int KrtVsprintf(char* str, const char* format, va_list ap);
      |                                                ^~~~~~~
src/Runtime/Standalone/KrtStandalone.h:39:48: note: ‘va_list’ is defined in header ‘<stdarg.h>’; this is probably fixable by adding ‘#include <stdarg.h>’
src/Runtime/Standalone/KrtStandalone.h:40:62: error: unknown type name ‘va_list’
   40 | int KrtVsnprintf(char* str, size_t size, const char* format, va_list ap);
      |                                                              ^~~~~~~
src/Runtime/Standalone/KrtStandalone.h:40:62: note: ‘va_list’ is defined in header ‘<stdarg.h>’; this is probably fixable by adding ‘#include <stdarg.h>’
src/Runtime/Standalone/KrtMemory.c: In function ‘KrtMalloc’:
src/Runtime/Standalone/KrtMemory.c:113:21: warning: variable ‘prev’ set but not used [-Wunused-but-set-variable]
  113 |     block_header_t* prev = NULL;
      |                     ^~~~

  Duration: 0.02s

Error in Compiling Runtime/Standalone/KrtPrintf.c:
In file included from src/Runtime/Standalone/KrtPrintf.c:1:
src/Runtime/Standalone/KrtStandalone.h:38:36: error: unknown type name ‘va_list’
   38 | int KrtVprintf(const char* format, va_list ap);
      |                                    ^~~~~~~
src/Runtime/Standalone/KrtStandalone.h:6:1: note: ‘va_list’ is defined in header ‘<stdarg.h>’; this is probably fixable by adding ‘#include <stdarg.h>’
    5 | #include <stdint.h>
  +++ |+#include <stdarg.h>
    6 | 
src/Runtime/Standalone/KrtStandalone.h:39:48: error: unknown type name ‘va_list’
   39 | int KrtVsprintf(char* str, const char* format, va_list ap);
      |                                                ^~~~~~~
src/Runtime/Standalone/KrtStandalone.h:39:48: note: ‘va_list’ is defined in header ‘<stdarg.h>’; this is probably fixable by adding ‘#include <stdarg.h>’
src/Runtime/Standalone/KrtStandalone.h:40:62: error: unknown type name ‘va_list’
   40 | int KrtVsnprintf(char* str, size_t size, const char* format, va_list ap);
      |                                                              ^~~~~~~
src/Runtime/Standalone/KrtStandalone.h:40:62: note: ‘va_list’ is defined in header ‘<stdarg.h>’; this is probably fixable by adding ‘#include <stdarg.h>’

  Duration: 0.02s

Error in Compiling Runtime/Standalone/KrtMisc.c:
In file included from src/Runtime/Standalone/KrtMisc.c:1:
src/Runtime/Standalone/KrtStandalone.h:38:36: error: unknown type name ‘va_list’
   38 | int KrtVprintf(const char* format, va_list ap);
      |                                    ^~~~~~~
src/Runtime/Standalone/KrtStandalone.h:6:1: note: ‘va_list’ is defined in header ‘<stdarg.h>’; this is probably fixable by adding ‘#include <stdarg.h>’
    5 | #include <stdint.h>
  +++ |+#include <stdarg.h>
    6 | 
src/Runtime/Standalone/KrtStandalone.h:39:48: error: unknown type name ‘va_list’
   39 | int KrtVsprintf(char* str, const char* format, va_list ap);
      |                                                ^~~~~~~
src/Runtime/Standalone/KrtStandalone.h:39:48: note: ‘va_list’ is defined in header ‘<stdarg.h>’; this is probably fixable by adding ‘#include <stdarg.h>’
src/Runtime/Standalone/KrtStandalone.h:40:62: error: unknown type name ‘va_list’
   40 | int KrtVsnprintf(char* str, size_t size, const char* format, va_list ap);
      |                                                              ^~~~~~~
src/Runtime/Standalone/KrtStandalone.h:40:62: note: ‘va_list’ is defined in header ‘<stdarg.h>’; this is probably fixable by adding ‘#include <stdarg.h>’

  Duration: 0.03s

Error in Compiling Runtime/Standalone/KrtStartup.c:
In file included from src/Runtime/Standalone/KrtStartup.c:2:
src/Runtime/Standalone/KrtStandalone.h:38:36: error: unknown type name ‘va_list’
   38 | int KrtVprintf(const char* format, va_list ap);
      |                                    ^~~~~~~
src/Runtime/Standalone/KrtStandalone.h:6:1: note: ‘va_list’ is defined in header ‘<stdarg.h>’; this is probably fixable by adding ‘#include <stdarg.h>’
    5 | #include <stdint.h>
  +++ |+#include <stdarg.h>
    6 | 
src/Runtime/Standalone/KrtStandalone.h:39:48: error: unknown type name ‘va_list’
   39 | int KrtVsprintf(char* str, const char* format, va_list ap);
      |                                                ^~~~~~~
src/Runtime/Standalone/KrtStandalone.h:39:48: note: ‘va_list’ is defined in header ‘<stdarg.h>’; this is probably fixable by adding ‘#include <stdarg.h>’
src/Runtime/Standalone/KrtStandalone.h:40:62: error: unknown type name ‘va_list’
   40 | int KrtVsnprintf(char* str, size_t size, const char* format, va_list ap);
      |                                                              ^~~~~~~
src/Runtime/Standalone/KrtStandalone.h:40:62: note: ‘va_list’ is defined in header ‘<stdarg.h>’; this is probably fixable by adding ‘#include <stdarg.h>’
src/Runtime/Standalone/KrtStartup.c: In function ‘_start’:
src/Runtime/Standalone/KrtStartup.c:108:24: error: expected ‘=’, ‘,’, ‘;’, ‘asm’ or ‘__attribute__’ before ‘asm’
  108 |     register long* rsp asm("rsp");
      |                        ^~~
src/Runtime/Standalone/KrtStartup.c:108:24: error: implicit declaration of function ‘asm’ [-Wimplicit-function-declaration]
src/Runtime/Standalone/KrtStartup.c:110:19: error: ‘rsp’ undeclared (first use in this function)
  110 |     g_argc = (int)rsp[0];
      |                   ^~~
src/Runtime/Standalone/KrtStartup.c:110:19: note: each undeclared identifier is reported only once for each function it appears in
src/Runtime/Standalone/KrtStartup.c:115:5: error: implicit declaration of function ‘syscall’ [-Wimplicit-function-declaration]
  115 |     syscall(SYS_exit, ret);
      |     ^~~~~~~

  Duration: 0.02s

Error in Compiling Runtime/Standalone/KrtString.c:
In file included from src/Runtime/Standalone/KrtString.c:1:
src/Runtime/Standalone/KrtStandalone.h:38:36: error: unknown type name ‘va_list’
   38 | int KrtVprintf(const char* format, va_list ap);
      |                                    ^~~~~~~
src/Runtime/Standalone/KrtStandalone.h:6:1: note: ‘va_list’ is defined in header ‘<stdarg.h>’; this is probably fixable by adding ‘#include <stdarg.h>’
    5 | #include <stdint.h>
  +++ |+#include <stdarg.h>
    6 | 
src/Runtime/Standalone/KrtStandalone.h:39:48: error: unknown type name ‘va_list’
   39 | int KrtVsprintf(char* str, const char* format, va_list ap);
      |                                                ^~~~~~~
src/Runtime/Standalone/KrtStandalone.h:39:48: note: ‘va_list’ is defined in header ‘<stdarg.h>’; this is probably fixable by adding ‘#include <stdarg.h>’
src/Runtime/Standalone/KrtStandalone.h:40:62: error: unknown type name ‘va_list’
   40 | int KrtVsnprintf(char* str, size_t size, const char* format, va_list ap);
      |                                                              ^~~~~~~
src/Runtime/Standalone/KrtStandalone.h:40:62: note: ‘va_list’ is defined in header ‘<stdarg.h>’; this is probably fixable by adding ‘#include <stdarg.h>’

  Duration: 0.02s

Error in Compiling Runtime/Runtime.c:
In file included from src/Runtime/Runtime.c:25:
src/Runtime/Runtime.h:4:10: fatal error: ../Core/Platform/platform.h: 没有那个文件或目录
    4 | #include "../Core/Platform/platform.h"
      |          ^~~~~~~~~~~~~~~~~~~~~~~~~~~~~
compilation terminated.

  Duration: 0.06s

Error in Compiling Runtime/StringOptimizer.c:
In file included from src/Runtime/StringOptimizer.c:4:
src/Runtime/../Core/Utils/KrtCommon.h:2:9: warning: "_POSIX_C_SOURCE" redefined
    2 | #define _POSIX_C_SOURCE 200809L
      |         ^~~~~~~~~~~~~~~
In file included from /usr/include/x86_64-linux-gnu/bits/libc-header-start.h:33,
                 from /usr/include/string.h:26,
                 from src/Runtime/../Core/Utils/KrtString.h:5,
                 from src/Runtime/StringOptimizer.c:3:
/usr/include/features.h:342:10: note: this is the location of the previous definition
  342 | # define _POSIX_C_SOURCE 199506L
      |          ^~~~~~~~~~~~~~~
In file included from src/Runtime/../Core/Utils/KrtCommon.h:72:
src/Runtime/../Core/Utils/../Memory/SmartPtr.h:4:10: fatal error: ../Utils/logger.h: 没有那个文件或目录
    4 | #include "../Utils/logger.h"
      |          ^~~~~~~~~~~~~~~~~~~
compilation terminated.

  Duration: 0.03s

Error in Compiling compiler/Backend/Kro/KroCodegen.c:
In file included from src/compiler/Backend/Kro/../../Middle/Ir/../../../Core/Utils/KrtCommon.h:72,
                 from src/compiler/Backend/Kro/../../Middle/Ir/Ir.h:3,
                 from src/compiler/Backend/Kro/KroCodegen.h:4,
                 from src/compiler/Backend/Kro/KroCodegen.c:1:
src/compiler/Backend/Kro/../../Middle/Ir/../../../Core/Utils/../Memory/SmartPtr.h:4:10: fatal error: ../Utils/logger.h: 没有那个文件或目录
    4 | #include "../Utils/logger.h"
      |          ^~~~~~~~~~~~~~~~~~~
compilation terminated.

  Duration: 0.03s

Error in Compiling compiler/Backend/Vm/VmCodegen.c:
In file included from src/compiler/Backend/Vm/../../Middle/Ir/../../../Core/Utils/KrtCommon.h:72,
                 from src/compiler/Backend/Vm/../../Middle/Ir/Ir.h:3,
                 from src/compiler/Backend/Vm/VmCodegen.h:4,
                 from src/compiler/Backend/Vm/VmCodegen.c:1:
src/compiler/Backend/Vm/../../Middle/Ir/../../../Core/Utils/../Memory/SmartPtr.h:4:10: fatal error: ../Utils/logger.h: 没有那个文件或目录
    4 | #include "../Utils/logger.h"
      |          ^~~~~~~~~~~~~~~~~~~
compilation terminated.

  Duration: 0.03s

Error in Compiling compiler/Backend/X86/X86CodeOpt.c:
In file included from src/compiler/Backend/X86/../../Middle/Ir/../../../Core/Utils/KrtCommon.h:72,
                 from src/compiler/Backend/X86/../../Middle/Ir/Ir.h:3,
                 from src/compiler/Backend/X86/X86CodeOpt.h:5,
                 from src/compiler/Backend/X86/X86CodeOpt.c:1:
src/compiler/Backend/X86/../../Middle/Ir/../../../Core/Utils/../Memory/SmartPtr.h:4:10: fatal error: ../Utils/logger.h: 没有那个文件或目录
    4 | #include "../Utils/logger.h"
      |          ^~~~~~~~~~~~~~~~~~~
compilation terminated.

  Duration: 0.03s

Error in Compiling compiler/Backend/X86/X86Codegen.c:
In file included from src/compiler/Backend/X86/../../Middle/Ir/Ir.h:3,
                 from src/compiler/Backend/X86/X86Codegen.h:5,
                 from src/compiler/Backend/X86/X86Codegen.c:1:
src/compiler/Backend/X86/../../Middle/Ir/../../../Core/Utils/KrtCommon.h:2:9: warning: "_POSIX_C_SOURCE" redefined
    2 | #define _POSIX_C_SOURCE 200809L
      |         ^~~~~~~~~~~~~~~
In file included from /usr/include/x86_64-linux-gnu/bits/libc-header-start.h:33,
                 from /usr/include/stdio.h:28,
                 from src/compiler/Backend/X86/X86Codegen.h:4:
/usr/include/features.h:342:10: note: this is the location of the previous definition
  342 | # define _POSIX_C_SOURCE 199506L
      |          ^~~~~~~~~~~~~~~
In file included from src/compiler/Backend/X86/../../Middle/Ir/../../../Core/Utils/KrtCommon.h:72:
src/compiler/Backend/X86/../../Middle/Ir/../../../Core/Utils/../Memory/SmartPtr.h:4:10: fatal error: ../Utils/logger.h: 没有那个文件或目录
    4 | #include "../Utils/logger.h"
      |          ^~~~~~~~~~~~~~~~~~~
compilation terminated.

  Duration: 0.03s

Error in Compiling compiler/Driver/ArkLinkIntegration.c:
In file included from src/compiler/Driver/ArkLinkIntegration.c:1:
src/compiler/Driver/ArkLinkIntegration.h:4:10: fatal error: ArkLink/arklink.h: 没有那个文件或目录
    4 | #include <ArkLink/arklink.h>
      |          ^~~~~~~~~~~~~~~~~~~
compilation terminated.

  Duration: 0.01s

Error in Compiling compiler/Backend/X86/X86RegAlloc.c:
In file included from src/compiler/Backend/X86/../../Middle/Ir/Ir.h:3,
                 from src/compiler/Backend/X86/X86Codegen.h:5,
                 from src/compiler/Backend/X86/X86RegAlloc.h:5,
                 from src/compiler/Backend/X86/X86RegAlloc.c:2:
src/compiler/Backend/X86/../../Middle/Ir/../../../Core/Utils/KrtCommon.h:2:9: warning: "_POSIX_C_SOURCE" redefined
    2 | #define _POSIX_C_SOURCE 200809L
      |         ^~~~~~~~~~~~~~~
In file included from /usr/include/x86_64-linux-gnu/bits/libc-header-start.h:33,
                 from /usr/include/stdio.h:28,
                 from src/compiler/Backend/X86/X86Codegen.h:4:
/usr/include/features.h:342:10: note: this is the location of the previous definition
  342 | # define _POSIX_C_SOURCE 199506L
      |          ^~~~~~~~~~~~~~~
In file included from src/compiler/Backend/X86/../../Middle/Ir/../../../Core/Utils/KrtCommon.h:72:
src/compiler/Backend/X86/../../Middle/Ir/../../../Core/Utils/../Memory/SmartPtr.h:4:10: fatal error: ../Utils/logger.h: 没有那个文件或目录
    4 | #include "../Utils/logger.h"
      |          ^~~~~~~~~~~~~~~~~~~
compilation terminated.

  Duration: 0.03s

Error in Compiling compiler/Build/BuildSystem.c:
In file included from src/compiler/Build/../Driver/../../Core/Utils/KrtCommon.h:72,
                 from src/compiler/Build/../Driver/ConfigManager.h:4,
                 from src/compiler/Build/BuildSystem.h:4,
                 from src/compiler/Build/BuildSystem.c:1:
src/compiler/Build/../Driver/../../Core/Utils/../Memory/SmartPtr.h:4:10: fatal error: ../Utils/logger.h: 没有那个文件或目录
    4 | #include "../Utils/logger.h"
      |          ^~~~~~~~~~~~~~~~~~~
compilation terminated.

  Duration: 0.03s

Error in Compiling compiler/Driver/Compiler.c:
In file included from src/compiler/Driver/../../Core/Utils/KrtCommon.h:72,
                 from src/compiler/Driver/Compiler.h:4,
                 from src/compiler/Driver/Compiler.c:1:
src/compiler/Driver/../../Core/Utils/../Memory/SmartPtr.h:4:10: fatal error: ../Utils/logger.h: 没有那个文件或目录
    4 | #include "../Utils/logger.h"
      |          ^~~~~~~~~~~~~~~~~~~
compilation terminated.

  Duration: 0.03s

Error in Compiling compiler/Driver/ConfigManager.c:
In file included from src/compiler/Driver/ConfigManager.h:4,
                 from src/compiler/Driver/ConfigManager.c:6:
src/compiler/Driver/../../Core/Utils/KrtCommon.h:2:9: warning: "_POSIX_C_SOURCE" redefined
    2 | #define _POSIX_C_SOURCE 200809L
      |         ^~~~~~~~~~~~~~~
In file included from /usr/include/x86_64-linux-gnu/bits/libc-header-start.h:33,
                 from /usr/include/string.h:26,
                 from src/compiler/Driver/ConfigManager.c:1:
/usr/include/features.h:342:10: note: this is the location of the previous definition
  342 | # define _POSIX_C_SOURCE 199506L
      |          ^~~~~~~~~~~~~~~
In file included from src/compiler/Driver/../../Core/Utils/KrtCommon.h:72:
src/compiler/Driver/../../Core/Utils/../Memory/SmartPtr.h:4:10: fatal error: ../Utils/logger.h: 没有那个文件或目录
    4 | #include "../Utils/logger.h"
      |          ^~~~~~~~~~~~~~~~~~~
compilation terminated.

  Duration: 0.03s

Error in Compiling compiler/Driver/ParallelCompiler.c:
In file included from src/compiler/Driver/../../Core/Utils/KrtCommon.h:72,
                 from src/compiler/Driver/ParallelCompiler.h:4,
                 from src/compiler/Driver/ParallelCompiler.c:1:
src/compiler/Driver/../../Core/Utils/../Memory/SmartPtr.h:4:10: fatal error: ../Utils/logger.h: 没有那个文件或目录
    4 | #include "../Utils/logger.h"
      |          ^~~~~~~~~~~~~~~~~~~
compilation terminated.

  Duration: 0.03s

Error in Compiling compiler/Driver/Preprocessor.c:
In file included from src/compiler/Driver/../../Core/Utils/KrtCommon.h:72,
                 from src/compiler/Driver/Preprocessor.h:4,
                 from src/compiler/Driver/Preprocessor.c:1:
src/compiler/Driver/../../Core/Utils/../Memory/SmartPtr.h:4:10: fatal error: ../Utils/logger.h: 没有那个文件或目录
    4 | #include "../Utils/logger.h"
      |          ^~~~~~~~~~~~~~~~~~~
compilation terminated.

  Duration: 0.03s

Error in Compiling compiler/Driver/Project.c:
In file included from src/compiler/Driver/../../Core/Utils/KrtCommon.h:72,
                 from src/compiler/Driver/Project.c:1:
src/compiler/Driver/../../Core/Utils/../Memory/SmartPtr.h:4:10: fatal error: ../Utils/logger.h: 没有那个文件或目录
    4 | #include "../Utils/logger.h"
      |          ^~~~~~~~~~~~~~~~~~~
compilation terminated.

  Duration: 0.03s

Error in Compiling compiler/Driver/ParallelCompilerLink.c:
In file included from src/compiler/Driver/../../Core/Utils/KrtCommon.h:72,
                 from src/compiler/Driver/ParallelCompiler.h:4,
                 from src/compiler/Driver/ParallelCompilerLink.c:1:
src/compiler/Driver/../../Core/Utils/../Memory/SmartPtr.h:4:10: fatal error: ../Utils/logger.h: 没有那个文件或目录
    4 | #include "../Utils/logger.h"
      |          ^~~~~~~~~~~~~~~~~~~
compilation terminated.

  Duration: 0.04s

Error in Compiling compiler/Driver/ProjectParser.c:
In file included from src/compiler/Driver/ProjectParser.c:3:
src/compiler/Driver/../../Core/Utils/KrtCommon.h:2:9: warning: "_POSIX_C_SOURCE" redefined
    2 | #define _POSIX_C_SOURCE 200809L
      |         ^~~~~~~~~~~~~~~
In file included from /usr/include/x86_64-linux-gnu/bits/libc-header-start.h:33,
                 from /usr/include/string.h:26,
                 from src/compiler/Driver/ProjectParser.c:1:
/usr/include/features.h:342:10: note: this is the location of the previous definition
  342 | # define _POSIX_C_SOURCE 199506L
      |          ^~~~~~~~~~~~~~~
In file included from src/compiler/Driver/../../Core/Utils/KrtCommon.h:72:
src/compiler/Driver/../../Core/Utils/../Memory/SmartPtr.h:4:10: fatal error: ../Utils/logger.h: 没有那个文件或目录
    4 | #include "../Utils/logger.h"
      |          ^~~~~~~~~~~~~~~~~~~
compilation terminated.

  Duration: 0.04s

Error in Compiling compiler/Frontend/FrontendTemp/FrontendTemp/parser/Ast.c:
In file included from src/compiler/Frontend/FrontendTemp/FrontendTemp/parser/Ast.c:1:
src/compiler/Frontend/FrontendTemp/FrontendTemp/parser/Ast.h:5:10: fatal error: ../Lexer/Tokenizer.h: 没有那个文件或目录
    5 | #include "../Lexer/Tokenizer.h"
      |          ^~~~~~~~~~~~~~~~~~~~~~
compilation terminated.

  Duration: 0.01s

Error in Compiling compiler/Driver/TaskManager.c:
In file included from src/compiler/Driver/../../Core/Utils/KrtCommon.h:72,
                 from src/compiler/Driver/TaskManager.c:3:
src/compiler/Driver/../../Core/Utils/../Memory/SmartPtr.h:4:10: fatal error: ../Utils/logger.h: 没有那个文件或目录
    4 | #include "../Utils/logger.h"
      |          ^~~~~~~~~~~~~~~~~~~
compilation terminated.

  Duration: 0.03s

Error in Compiling compiler/Frontend/FrontendTemp/FrontendTemp/lexer/Tokenizer.c:
In file included from src/compiler/Frontend/FrontendTemp/FrontendTemp/lexer/../../../../../Core/Utils/KrtCommon.h:72,
                 from src/compiler/Frontend/FrontendTemp/FrontendTemp/lexer/Tokenizer.c:1:
src/compiler/Frontend/FrontendTemp/FrontendTemp/lexer/../../../../../Core/Utils/../Memory/SmartPtr.h:4:10: fatal error: ../Utils/logger.h: 没有那个文件或目录
    4 | #include "../Utils/logger.h"
      |          ^~~~~~~~~~~~~~~~~~~
compilation terminated.

  Duration: 0.03s

Error in Compiling compiler/Frontend/FrontendTemp/FrontendTemp/semantic/NameMangling.c:
In file included from src/compiler/Frontend/FrontendTemp/FrontendTemp/semantic/NameMangling.h:4,
                 from src/compiler/Frontend/FrontendTemp/FrontendTemp/semantic/NameMangling.c:1:
src/compiler/Frontend/FrontendTemp/FrontendTemp/semantic/../parser/Ast.h:5:10: fatal error: ../Lexer/Tokenizer.h: 没有那个文件或目录
    5 | #include "../Lexer/Tokenizer.h"
      |          ^~~~~~~~~~~~~~~~~~~~~~
compilation terminated.

  Duration: 0.01s

Error in Compiling compiler/Frontend/FrontendTemp/FrontendTemp/semantic/Generics.c:
In file included from src/compiler/Frontend/FrontendTemp/FrontendTemp/semantic/../../../../Middle/Ir/../../../Core/Utils/KrtCommon.h:72,
                 from src/compiler/Frontend/FrontendTemp/FrontendTemp/semantic/../../../../Middle/Ir/Ir.h:3,
                 from src/compiler/Frontend/FrontendTemp/FrontendTemp/semantic/SymbolTable.h:4,
                 from src/compiler/Frontend/FrontendTemp/FrontendTemp/semantic/Generics.h:4,
                 from src/compiler/Frontend/FrontendTemp/FrontendTemp/semantic/Generics.c:1:
src/compiler/Frontend/FrontendTemp/FrontendTemp/semantic/../../../../Middle/Ir/../../../Core/Utils/../Memory/SmartPtr.h:4:10: fatal error: ../Utils/logger.h: 没有那个文件或目录
    4 | #include "../Utils/logger.h"
      |          ^~~~~~~~~~~~~~~~~~~
compilation terminated.

  Duration: 0.03s

Error in Compiling compiler/Frontend/FrontendTemp/FrontendTemp/parser/Parser.c:
In file included from src/compiler/Frontend/FrontendTemp/FrontendTemp/parser/Parser.c:13:
src/compiler/Frontend/FrontendTemp/FrontendTemp/parser/../../../../../Core/Utils/KrtCommon.h:2:9: warning: "_POSIX_C_SOURCE" redefined
    2 | #define _POSIX_C_SOURCE 200809L
      |         ^~~~~~~~~~~~~~~
In file included from /usr/include/x86_64-linux-gnu/bits/libc-header-start.h:33,
                 from /usr/include/stdio.h:28,
                 from src/compiler/Frontend/FrontendTemp/FrontendTemp/parser/Parser.c:3:
/usr/include/features.h:342:10: note: this is the location of the previous definition
  342 | # define _POSIX_C_SOURCE 199506L
      |          ^~~~~~~~~~~~~~~
In file included from src/compiler/Frontend/FrontendTemp/FrontendTemp/parser/../../../../../Core/Utils/KrtCommon.h:72:
src/compiler/Frontend/FrontendTemp/FrontendTemp/parser/../../../../../Core/Utils/../Memory/SmartPtr.h:4:10: fatal error: ../Utils/logger.h: 没有那个文件或目录
    4 | #include "../Utils/logger.h"
      |          ^~~~~~~~~~~~~~~~~~~
compilation terminated.

  Duration: 0.03s

Error in Compiling compiler/Frontend/FrontendTemp/FrontendTemp/semantic/TypeChecker.c:
In file included from src/compiler/Frontend/FrontendTemp/FrontendTemp/semantic/TypeChecker.h:3,
                 from src/compiler/Frontend/FrontendTemp/FrontendTemp/semantic/TypeChecker.c:1:
src/compiler/Frontend/FrontendTemp/FrontendTemp/semantic/../parser/Ast.h:5:10: fatal error: ../Lexer/Tokenizer.h: 没有那个文件或目录
    5 | #include "../Lexer/Tokenizer.h"
      |          ^~~~~~~~~~~~~~~~~~~~~~
compilation terminated.

  Duration: 0.01s

Error in Compiling compiler/Frontend/FrontendTemp/FrontendTemp/semantic/SemanticAnalyzer.c:
In file included from src/compiler/Frontend/FrontendTemp/FrontendTemp/semantic/../../../../Middle/Ir/../../../Core/Utils/KrtCommon.h:72,
                 from src/compiler/Frontend/FrontendTemp/FrontendTemp/semantic/../../../../Middle/Ir/Ir.h:3,
                 from src/compiler/Frontend/FrontendTemp/FrontendTemp/semantic/SymbolTable.h:4,
                 from src/compiler/Frontend/FrontendTemp/FrontendTemp/semantic/SemanticAnalyzer.h:4,
                 from src/compiler/Frontend/FrontendTemp/FrontendTemp/semantic/SemanticAnalyzer.c:1:
src/compiler/Frontend/FrontendTemp/FrontendTemp/semantic/../../../../Middle/Ir/../../../Core/Utils/../Memory/SmartPtr.h:4:10: fatal error: ../Utils/logger.h: 没有那个文件或目录
    4 | #include "../Utils/logger.h"
      |          ^~~~~~~~~~~~~~~~~~~
compilation terminated.

  Duration: 0.03s

Error in Compiling compiler/Frontend/FrontendTemp/FrontendTemp/semantic/SymbolTable.c:
In file included from src/compiler/Frontend/FrontendTemp/FrontendTemp/semantic/../../../../Middle/Ir/../../../Core/Utils/KrtCommon.h:72,
                 from src/compiler/Frontend/FrontendTemp/FrontendTemp/semantic/../../../../Middle/Ir/Ir.h:3,
                 from src/compiler/Frontend/FrontendTemp/FrontendTemp/semantic/SymbolTable.h:4,
                 from src/compiler/Frontend/FrontendTemp/FrontendTemp/semantic/SymbolTable.c:1:
src/compiler/Frontend/FrontendTemp/FrontendTemp/semantic/../../../../Middle/Ir/../../../Core/Utils/../Memory/SmartPtr.h:4:10: fatal error: ../Utils/logger.h: 没有那个文件或目录
    4 | #include "../Utils/logger.h"
      |          ^~~~~~~~~~~~~~~~~~~
compilation terminated.

  Duration: 0.03s

Error in Compiling compiler/Middle/Ir/Ir.c:
In file included from src/compiler/Middle/Ir/../../../Core/Utils/KrtCommon.h:72,
                 from src/compiler/Middle/Ir/Ir.h:3,
                 from src/compiler/Middle/Ir/Ir.c:1:
src/compiler/Middle/Ir/../../../Core/Utils/../Memory/SmartPtr.h:4:10: fatal error: ../Utils/logger.h: 没有那个文件或目录
    4 | #include "../Utils/logger.h"
      |          ^~~~~~~~~~~~~~~~~~~
compilation terminated.

  Duration: 0.03s

Error in Compiling compiler/Middle/Ir/IrAssert.c:
In file included from src/compiler/Middle/Ir/../../../Core/Utils/KrtCommon.h:72,
                 from src/compiler/Middle/Ir/Ir.h:3,
                 from src/compiler/Middle/Ir/IrAssert.h:4,
                 from src/compiler/Middle/Ir/IrAssert.c:1:
src/compiler/Middle/Ir/../../../Core/Utils/../Memory/SmartPtr.h:4:10: fatal error: ../Utils/logger.h: 没有那个文件或目录
    4 | #include "../Utils/logger.h"
      |          ^~~~~~~~~~~~~~~~~~~
compilation terminated.

  Duration: 0.03s

Error in Compiling compiler/Middle/Codegen/IrGen.c:
In file included from src/compiler/Middle/Codegen/../Ir/../../../Core/Utils/KrtCommon.h:72,
                 from src/compiler/Middle/Codegen/../Ir/Ir.h:3,
                 from src/compiler/Middle/Codegen/IrGen.c:13:
src/compiler/Middle/Codegen/../Ir/../../../Core/Utils/../Memory/SmartPtr.h:4:10: fatal error: ../Utils/logger.h: 没有那个文件或目录
    4 | #include "../Utils/logger.h"
      |          ^~~~~~~~~~~~~~~~~~~
compilation terminated.

  Duration: 0.05s

Error in Compiling compiler/Middle/Ir/IrLazyAlloc.c:
In file included from src/compiler/Middle/Ir/../../../Core/Utils/KrtCommon.h:72,
                 from src/compiler/Middle/Ir/IrLazyAlloc.c:2:
src/compiler/Middle/Ir/../../../Core/Utils/../Memory/SmartPtr.h:4:10: fatal error: ../Utils/logger.h: 没有那个文件或目录
    4 | #include "../Utils/logger.h"
      |          ^~~~~~~~~~~~~~~~~~~
compilation terminated.

  Duration: 0.04s

Error in Compiling compiler/Middle/Ir/IrMemory.c:
In file included from src/compiler/Middle/Ir/../../../Core/Utils/KrtCommon.h:72,
                 from src/compiler/Middle/Ir/IrMemory.h:4,
                 from src/compiler/Middle/Ir/IrMemory.c:1:
src/compiler/Middle/Ir/../../../Core/Utils/../Memory/SmartPtr.h:4:10: fatal error: ../Utils/logger.h: 没有那个文件或目录
    4 | #include "../Utils/logger.h"
      |          ^~~~~~~~~~~~~~~~~~~
compilation terminated.

  Duration: 0.03s

Error in Compiling compiler/Middle/Ir/IrObjectPool.c:
In file included from src/compiler/Middle/Ir/../../../Core/Utils/KrtCommon.h:72,
                 from src/compiler/Middle/Ir/Ir.h:3,
                 from src/compiler/Middle/Ir/IrObjectPool.c:1:
src/compiler/Middle/Ir/../../../Core/Utils/../Memory/SmartPtr.h:4:10: fatal error: ../Utils/logger.h: 没有那个文件或目录
    4 | #include "../Utils/logger.h"
      |          ^~~~~~~~~~~~~~~~~~~
compilation terminated.

  Duration: 0.03s

Error in Compiling compiler/Middle/Ir/IrOptimizer.c:
In file included from src/compiler/Middle/Ir/../../../Core/Utils/KrtCommon.h:72,
                 from src/compiler/Middle/Ir/Ir.h:3,
                 from src/compiler/Middle/Ir/IrOptimizer.h:4,
                 from src/compiler/Middle/Ir/IrOptimizer.c:1:
src/compiler/Middle/Ir/../../../Core/Utils/../Memory/SmartPtr.h:4:10: fatal error: ../Utils/logger.h: 没有那个文件或目录
    4 | #include "../Utils/logger.h"
      |          ^~~~~~~~~~~~~~~~~~~
compilation terminated.

  Duration: 0.03s

Error in Compiling compiler/Middle/Ir/IrParamLookup.c:
In file included from src/compiler/Middle/Ir/../../../Core/Utils/KrtCommon.h:72,
                 from src/compiler/Middle/Ir/Ir.h:3,
                 from src/compiler/Middle/Ir/IrParamLookup.c:1:
src/compiler/Middle/Ir/../../../Core/Utils/../Memory/SmartPtr.h:4:10: fatal error: ../Utils/logger.h: 没有那个文件或目录
    4 | #include "../Utils/logger.h"
      |          ^~~~~~~~~~~~~~~~~~~
compilation terminated.

  Duration: 0.03s

Error in Compiling compiler/Middle/Ir/IrParamTable.c:
In file included from src/compiler/Middle/Ir/../../../Core/Utils/KrtCommon.h:72,
                 from src/compiler/Middle/Ir/IrMemory.h:4,
                 from src/compiler/Middle/Ir/IrParamTable.h:4,
                 from src/compiler/Middle/Ir/IrParamTable.c:1:
src/compiler/Middle/Ir/../../../Core/Utils/../Memory/SmartPtr.h:4:10: fatal error: ../Utils/logger.h: 没有那个文件或目录
    4 | #include "../Utils/logger.h"
      |          ^~~~~~~~~~~~~~~~~~~
compilation terminated.

  Duration: 0.03s

Error in Compiling compiler/Middle/Ir/IrProfile.c:
In file included from src/compiler/Middle/Ir/../../../Core/Utils/KrtCommon.h:72,
                 from src/compiler/Middle/Ir/IrProfile.h:4,
                 from src/compiler/Middle/Ir/IrProfile.c:1:
src/compiler/Middle/Ir/../../../Core/Utils/../Memory/SmartPtr.h:4:10: fatal error: ../Utils/logger.h: 没有那个文件或目录
    4 | #include "../Utils/logger.h"
      |          ^~~~~~~~~~~~~~~~~~~
compilation terminated.

  Duration: 0.03s

Error in Compiling compiler/Middle/Ir/IrSsa.c:
In file included from src/compiler/Middle/Ir/../../../Core/Utils/KrtCommon.h:72,
                 from src/compiler/Middle/Ir/Ir.h:3,
                 from src/compiler/Middle/Ir/IrSsa.h:4,
                 from src/compiler/Middle/Ir/IrSsa.c:1:
src/compiler/Middle/Ir/../../../Core/Utils/../Memory/SmartPtr.h:4:10: fatal error: ../Utils/logger.h: 没有那个文件或目录
    4 | #include "../Utils/logger.h"
      |          ^~~~~~~~~~~~~~~~~~~
compilation terminated.

  Duration: 0.03s

Error in Compiling compiler/Middle/Ir/IrType.c:
In file included from src/compiler/Middle/Ir/../../../Core/Utils/KrtCommon.h:72,
                 from src/compiler/Middle/Ir/Ir.h:3,
                 from src/compiler/Middle/Ir/IrType.h:4,
                 from src/compiler/Middle/Ir/IrType.c:1:
src/compiler/Middle/Ir/../../../Core/Utils/../Memory/SmartPtr.h:4:10: fatal error: ../Utils/logger.h: 没有那个文件或目录
    4 | #include "../Utils/logger.h"
      |          ^~~~~~~~~~~~~~~~~~~
compilation terminated.

  Duration: 0.03s

Error in Compiling compiler/Pipeline/CompilerPipeline.c:
In file included from src/compiler/Pipeline/CompilerPipeline.h:4,
                 from src/compiler/Pipeline/CompilerPipeline.c:6:
src/compiler/Pipeline/../../Core/Utils/KrtCommon.h:2:9: warning: "_POSIX_C_SOURCE" redefined
    2 | #define _POSIX_C_SOURCE 200809L
      |         ^~~~~~~~~~~~~~~
In file included from /usr/include/x86_64-linux-gnu/bits/libc-header-start.h:33,
                 from /usr/include/string.h:26,
                 from src/compiler/Pipeline/CompilerPipeline.c:1:
/usr/include/features.h:342:10: note: this is the location of the previous definition
  342 | # define _POSIX_C_SOURCE 199506L
      |          ^~~~~~~~~~~~~~~
In file included from src/compiler/Pipeline/../../Core/Utils/KrtCommon.h:72:
src/compiler/Pipeline/../../Core/Utils/../Memory/SmartPtr.h:4:10: fatal error: ../Utils/logger.h: 没有那个文件或目录
    4 | #include "../Utils/logger.h"
      |          ^~~~~~~~~~~~~~~~~~~
compilation terminated.

  Duration: 0.03s

Error in Compiling compiler/Platform/PlatformAbstraction.c:
In file included from src/compiler/Platform/PlatformAbstraction.h:4,
                 from src/compiler/Platform/PlatformAbstraction.c:5:
src/compiler/Platform/../../Core/Utils/KrtCommon.h:2:9: warning: "_POSIX_C_SOURCE" redefined
    2 | #define _POSIX_C_SOURCE 200809L
      |         ^~~~~~~~~~~~~~~
In file included from /usr/include/x86_64-linux-gnu/bits/libc-header-start.h:33,
                 from /usr/include/stdio.h:28,
                 from src/compiler/Platform/PlatformAbstraction.c:1:
/usr/include/features.h:342:10: note: this is the location of the previous definition
  342 | # define _POSIX_C_SOURCE 199506L
      |          ^~~~~~~~~~~~~~~
In file included from src/compiler/Platform/../../Core/Utils/KrtCommon.h:72:
src/compiler/Platform/../../Core/Utils/../Memory/SmartPtr.h:4:10: fatal error: ../Utils/logger.h: 没有那个文件或目录
    4 | #include "../Utils/logger.h"
      |          ^~~~~~~~~~~~~~~~~~~
compilation terminated.

  Duration: 0.03s

══════════════════════════════════════════════════
BUILD FAILED